============================= test session starts =============================
platform win32 -- Python 3.12.3, pytest-8.4.2, pluggy-1.5.0
benchmark: 5.1.0 (defaults: timer=time.perf_counter disable_gc=False min_rounds=5 min_time=0.000005 max_time=1.0 calibration_precision=10 warmup=False warmup_iterations=100000)
rootdir: c:\Users\User\Documents\Projects\py\partyscene\tests
configfile: pytest.ini
plugins: anyio-4.8.0, Faker-36.1.1, hypothesis-6.127.1, asyncio-0.25.3, benchmark-5.1.0, cov-6.0.0, env-1.2.0, mock-3.14.0, timeout-2.4.0, requests-mock-1.12.1
asyncio: mode=Mode.STRICT, asyncio_default_fixture_loop_scope=None
collected 7 items

tests\auth\test_apple_sso.py EEEEEEE                                     [100%]

=================================== ERRORS ====================================
_ ERROR at setup of TestAppleSSO.test_apple_sso_rejects_request_without_identity_token _

request = <SubRequest 'auth_app' for <Coroutine test_apple_sso_rejects_request_without_identity_token>>
kwargs = {}, func = <function auth_app at 0x0000017E279AAE80>
event_loop_fixture_id = '_session_event_loop'
setup = <function _wrap_asyncgen_fixture.<locals>._asyncgen_fixture_wrapper.<locals>.setup at 0x0000017E2941B560>
setup_task = <Task finished name='Task-1' coro=<_wrap_asyncgen_fixture.<locals>._asyncgen_fixture_wrapper.<locals>.setup() done, de...\site-packages\pytest_asyncio\plugin.py:323> exception=AttributeError("'AsyncRedisMock' object has no attribute 'cf'")>

    @functools.wraps(fixture)
    def _asyncgen_fixture_wrapper(request: FixtureRequest, **kwargs: Any):
        func = _perhaps_rebind_fixture_func(fixture, request.instance)
        event_loop_fixture_id = _get_event_loop_fixture_id_for_async_fixture(
            request, func
        )
        event_loop = request.getfixturevalue(event_loop_fixture_id)
        kwargs.pop(event_loop_fixture_id, None)
        gen_obj = func(**_add_kwargs(func, kwargs, event_loop, request))
    
        async def setup():
            res = await gen_obj.__anext__()  # type: ignore[union-attr]
            return res
    
        context = contextvars.copy_context()
        setup_task = _create_task_in_context(event_loop, setup(), context)
>       result = event_loop.run_until_complete(setup_task)
                 ^^^^^^^^^^^^^^^^^^^^^^^^^^^^^^^^^^^^^^^^^

.venv\Lib\site-packages\pytest_asyncio\plugin.py:329: 
_ _ _ _ _ _ _ _ _ _ _ _ _ _ _ _ _ _ _ _ _ _ _ _ _ _ _ _ _ _ _ _ _ _ _ _ _ _ _ _
..\..\..\..\AppData\Local\Programs\Python\Python312\Lib\asyncio\base_events.py:687: in run_until_complete
    return future.result()
           ^^^^^^^^^^^^^^^
.venv\Lib\site-packages\pytest_asyncio\plugin.py:324: in setup
    res = await gen_obj.__anext__()  # type: ignore[union-attr]
          ^^^^^^^^^^^^^^^^^^^^^^^^^
tests\conftest.py:120: in auth_app
    app.conn, app.pool_manager = await init_db(app)
                                 ^^^^^^^^^^^^^^^^^^
auth\src\connectors\__init__.py:704: in init_db
    auth_db = AuthDB(pool, app.redis)
              ^^^^^^^^^^^^^^^^^^^^^^^
_ _ _ _ _ _ _ _ _ _ _ _ _ _ _ _ _ _ _ _ _ _ _ _ _ _ _ _ _ _ _ _ _ _ _ _ _ _ _ _

self = <auth.src.connectors.AuthDB object at 0x0000017E2E9EC800>
pool = <purreal.pooler.SurrealDBConnectionPool object at 0x0000017E2DD217F0>
redis = <conftest.auth_app.<locals>.AsyncRedisMock object at 0x0000017E28D42AE0>

    def __init__(self, pool: SurrealDBConnectionPool, redis: Redis) -> None:
        """
        Initialize the AuthDB with a connection pool.
    
        Args:
            pool: The SurrealDB connection pool to use
            redis: The Redis instance
        """
        self.pool = pool
        self.db = None  # For compatibility with existing code
        self.envelope_service = AsyncEnvelopeCipherService()
        self.redis = redis
>       self.cuckoo_filter = self.redis.cf()
                             ^^^^^^^^^^^^^
E       AttributeError: 'AsyncRedisMock' object has no attribute 'cf'

auth\src\connectors\__init__.py:34: AttributeError
---------------------------- Captured stderr setup ----------------------------
[2025-11-21 03:36:42,676] DEBUG in __init__: Initializing SurrealDB connection...
2025-11-21 03:36:42,677 - purreal.pooler - INFO - Creating new connection pool named 'auth_pool'...
2025-11-21 03:36:42,677 - purreal.pooler - INFO - Initializing SurrealDB connection pool for wss://test-prod-insta-06amo5vohhuqn9u9qa1lbl9rcg.aws-use1.surreal.cloud...
2025-11-21 03:36:44,494 - purreal.pooler - WARNING - POOL DEBUG: Task Task-3 connection attempt 1 failed: InvalidStatus - server rejected WebSocket connection: HTTP 403
2025-11-21 03:36:44,494 - purreal.pooler - INFO - POOL DEBUG: Task Task-3 retrying connection in 1.34 seconds...
2025-11-21 03:36:44,494 - purreal.pooler - WARNING - POOL DEBUG: Task Task-2 connection attempt 1 failed: InvalidStatus - server rejected WebSocket connection: HTTP 403
2025-11-21 03:36:44,494 - purreal.pooler - INFO - POOL DEBUG: Task Task-2 retrying connection in 1.21 seconds...
2025-11-21 03:36:44,546 - purreal.pooler - WARNING - POOL DEBUG: Task Task-4 connection attempt 1 failed: InvalidStatus - server rejected WebSocket connection: HTTP 403
2025-11-21 03:36:44,546 - purreal.pooler - INFO - POOL DEBUG: Task Task-4 retrying connection in 1.44 seconds...
2025-11-21 03:36:46,765 - purreal.pooler - WARNING - POOL DEBUG: Task Task-2 connection attempt 2 failed: InvalidStatus - server rejected WebSocket connection: HTTP 403
2025-11-21 03:36:46,765 - purreal.pooler - INFO - POOL DEBUG: Task Task-2 retrying connection in 2.15 seconds...
2025-11-21 03:36:46,832 - purreal.pooler - WARNING - POOL DEBUG: Task Task-3 connection attempt 2 failed: InvalidStatus - server rejected WebSocket connection: HTTP 403
2025-11-21 03:36:46,833 - purreal.pooler - INFO - POOL DEBUG: Task Task-3 retrying connection in 2.08 seconds...
2025-11-21 03:36:47,038 - purreal.pooler - WARNING - POOL DEBUG: Task Task-4 connection attempt 2 failed: InvalidStatus - server rejected WebSocket connection: HTTP 403
2025-11-21 03:36:47,038 - purreal.pooler - INFO - POOL DEBUG: Task Task-4 retrying connection in 2.39 seconds...
2025-11-21 03:36:49,944 - purreal.pooler - WARNING - POOL DEBUG: Task Task-3 connection attempt 3 failed: InvalidStatus - server rejected WebSocket connection: HTTP 403
2025-11-21 03:36:49,944 - purreal.pooler - ERROR - POOL DEBUG: Task Task-3 failed to create connection after 3 attempts.
2025-11-21 03:36:49,968 - purreal.pooler - WARNING - POOL DEBUG: Task Task-2 connection attempt 3 failed: InvalidStatus - server rejected WebSocket connection: HTTP 403
2025-11-21 03:36:49,968 - purreal.pooler - ERROR - POOL DEBUG: Task Task-2 failed to create connection after 3 attempts.
2025-11-21 03:36:51,024 - purreal.pooler - WARNING - POOL DEBUG: Task Task-4 connection attempt 3 failed: InvalidStatus - server rejected WebSocket connection: HTTP 403
2025-11-21 03:36:51,024 - purreal.pooler - ERROR - POOL DEBUG: Task Task-4 failed to create connection after 3 attempts.
2025-11-21 03:36:51,024 - purreal.pooler - ERROR - Failed to create initial connection: server rejected WebSocket connection: HTTP 403
2025-11-21 03:36:51,024 - purreal.pooler - ERROR - Failed to create initial connection: server rejected WebSocket connection: HTTP 403
2025-11-21 03:36:51,024 - purreal.pooler - ERROR - Failed to create initial connection: server rejected WebSocket connection: HTTP 403
2025-11-21 03:36:51,024 - purreal.pooler - INFO - Pool initialized with 0/3 connections (Target min: 3).
2025-11-21 03:36:51,024 - purreal.pooler - INFO - Pool 'auth_pool' created and initialized.
2025-11-21 03:36:51,024 - conftest - ERROR - Error in auth_app fixture: 'AsyncRedisMock' object has no attribute 'cf'
2025-11-21 03:36:51,024 - purreal.pooler - INFO - Starting pool maintenance task.
_ ERROR at setup of TestAppleSSO.test_apple_sso_creates_new_user_successfully _

request = <SubRequest 'auth_app' for <Coroutine test_apple_sso_rejects_request_without_identity_token>>
kwargs = {}, func = <function auth_app at 0x0000017E279AAE80>
event_loop_fixture_id = '_session_event_loop'
setup = <function _wrap_asyncgen_fixture.<locals>._asyncgen_fixture_wrapper.<locals>.setup at 0x0000017E2941B560>
setup_task = <Task finished name='Task-1' coro=<_wrap_asyncgen_fixture.<locals>._asyncgen_fixture_wrapper.<locals>.setup() done, de...\site-packages\pytest_asyncio\plugin.py:323> exception=AttributeError("'AsyncRedisMock' object has no attribute 'cf'")>

    @functools.wraps(fixture)
    def _asyncgen_fixture_wrapper(request: FixtureRequest, **kwargs: Any):
        func = _perhaps_rebind_fixture_func(fixture, request.instance)
        event_loop_fixture_id = _get_event_loop_fixture_id_for_async_fixture(
            request, func
        )
        event_loop = request.getfixturevalue(event_loop_fixture_id)
        kwargs.pop(event_loop_fixture_id, None)
        gen_obj = func(**_add_kwargs(func, kwargs, event_loop, request))
    
        async def setup():
            res = await gen_obj.__anext__()  # type: ignore[union-attr]
            return res
    
        context = contextvars.copy_context()
        setup_task = _create_task_in_context(event_loop, setup(), context)
>       result = event_loop.run_until_complete(setup_task)
                 ^^^^^^^^^^^^^^^^^^^^^^^^^^^^^^^^^^^^^^^^^

.venv\Lib\site-packages\pytest_asyncio\plugin.py:329: 
_ _ _ _ _ _ _ _ _ _ _ _ _ _ _ _ _ _ _ _ _ _ _ _ _ _ _ _ _ _ _ _ _ _ _ _ _ _ _ _
..\..\..\..\AppData\Local\Programs\Python\Python312\Lib\asyncio\base_events.py:687: in run_until_complete
    return future.result()
           ^^^^^^^^^^^^^^^
.venv\Lib\site-packages\pytest_asyncio\plugin.py:324: in setup
    res = await gen_obj.__anext__()  # type: ignore[union-attr]
          ^^^^^^^^^^^^^^^^^^^^^^^^^
tests\conftest.py:120: in auth_app
    app.conn, app.pool_manager = await init_db(app)
                                 ^^^^^^^^^^^^^^^^^^
auth\src\connectors\__init__.py:704: in init_db
    auth_db = AuthDB(pool, app.redis)
              ^^^^^^^^^^^^^^^^^^^^^^^
_ _ _ _ _ _ _ _ _ _ _ _ _ _ _ _ _ _ _ _ _ _ _ _ _ _ _ _ _ _ _ _ _ _ _ _ _ _ _ _

self = <auth.src.connectors.AuthDB object at 0x0000017E2E9EC800>
pool = <purreal.pooler.SurrealDBConnectionPool object at 0x0000017E2DD217F0>
redis = <conftest.auth_app.<locals>.AsyncRedisMock object at 0x0000017E28D42AE0>

    def __init__(self, pool: SurrealDBConnectionPool, redis: Redis) -> None:
        """
        Initialize the AuthDB with a connection pool.
    
        Args:
            pool: The SurrealDB connection pool to use
            redis: The Redis instance
        """
        self.pool = pool
        self.db = None  # For compatibility with existing code
        self.envelope_service = AsyncEnvelopeCipherService()
        self.redis = redis
>       self.cuckoo_filter = self.redis.cf()
                             ^^^^^^^^^^^^^
E       AttributeError: 'AsyncRedisMock' object has no attribute 'cf'

auth\src\connectors\__init__.py:34: AttributeError
_ ERROR at setup of TestAppleSSO.test_apple_sso_logs_in_existing_user_successfully _

request = <SubRequest 'auth_app' for <Coroutine test_apple_sso_rejects_request_without_identity_token>>
kwargs = {}, func = <function auth_app at 0x0000017E279AAE80>
event_loop_fixture_id = '_session_event_loop'
setup = <function _wrap_asyncgen_fixture.<locals>._asyncgen_fixture_wrapper.<locals>.setup at 0x0000017E2941B560>
setup_task = <Task finished name='Task-1' coro=<_wrap_asyncgen_fixture.<locals>._asyncgen_fixture_wrapper.<locals>.setup() done, de...\site-packages\pytest_asyncio\plugin.py:323> exception=AttributeError("'AsyncRedisMock' object has no attribute 'cf'")>

    @functools.wraps(fixture)
    def _asyncgen_fixture_wrapper(request: FixtureRequest, **kwargs: Any):
        func = _perhaps_rebind_fixture_func(fixture, request.instance)
        event_loop_fixture_id = _get_event_loop_fixture_id_for_async_fixture(
            request, func
        )
        event_loop = request.getfixturevalue(event_loop_fixture_id)
        kwargs.pop(event_loop_fixture_id, None)
        gen_obj = func(**_add_kwargs(func, kwargs, event_loop, request))
    
        async def setup():
            res = await gen_obj.__anext__()  # type: ignore[union-attr]
            return res
    
        context = contextvars.copy_context()
        setup_task = _create_task_in_context(event_loop, setup(), context)
>       result = event_loop.run_until_complete(setup_task)
                 ^^^^^^^^^^^^^^^^^^^^^^^^^^^^^^^^^^^^^^^^^

.venv\Lib\site-packages\pytest_asyncio\plugin.py:329: 
_ _ _ _ _ _ _ _ _ _ _ _ _ _ _ _ _ _ _ _ _ _ _ _ _ _ _ _ _ _ _ _ _ _ _ _ _ _ _ _
..\..\..\..\AppData\Local\Programs\Python\Python312\Lib\asyncio\base_events.py:687: in run_until_complete
    return future.result()
           ^^^^^^^^^^^^^^^
.venv\Lib\site-packages\pytest_asyncio\plugin.py:324: in setup
    res = await gen_obj.__anext__()  # type: ignore[union-attr]
          ^^^^^^^^^^^^^^^^^^^^^^^^^
tests\conftest.py:120: in auth_app
    app.conn, app.pool_manager = await init_db(app)
                                 ^^^^^^^^^^^^^^^^^^
auth\src\connectors\__init__.py:704: in init_db
    auth_db = AuthDB(pool, app.redis)
              ^^^^^^^^^^^^^^^^^^^^^^^
_ _ _ _ _ _ _ _ _ _ _ _ _ _ _ _ _ _ _ _ _ _ _ _ _ _ _ _ _ _ _ _ _ _ _ _ _ _ _ _

self = <auth.src.connectors.AuthDB object at 0x0000017E2E9EC800>
pool = <purreal.pooler.SurrealDBConnectionPool object at 0x0000017E2DD217F0>
redis = <conftest.auth_app.<locals>.AsyncRedisMock object at 0x0000017E28D42AE0>

    def __init__(self, pool: SurrealDBConnectionPool, redis: Redis) -> None:
        """
        Initialize the AuthDB with a connection pool.
    
        Args:
            pool: The SurrealDB connection pool to use
            redis: The Redis instance
        """
        self.pool = pool
        self.db = None  # For compatibility with existing code
        self.envelope_service = AsyncEnvelopeCipherService()
        self.redis = redis
>       self.cuckoo_filter = self.redis.cf()
                             ^^^^^^^^^^^^^
E       AttributeError: 'AsyncRedisMock' object has no attribute 'cf'

auth\src\connectors\__init__.py:34: AttributeError
___ ERROR at setup of TestAppleSSO.test_apple_sso_rejects_unverified_email ____

request = <SubRequest 'auth_app' for <Coroutine test_apple_sso_rejects_request_without_identity_token>>
kwargs = {}, func = <function auth_app at 0x0000017E279AAE80>
event_loop_fixture_id = '_session_event_loop'
setup = <function _wrap_asyncgen_fixture.<locals>._asyncgen_fixture_wrapper.<locals>.setup at 0x0000017E2941B560>
setup_task = <Task finished name='Task-1' coro=<_wrap_asyncgen_fixture.<locals>._asyncgen_fixture_wrapper.<locals>.setup() done, de...\site-packages\pytest_asyncio\plugin.py:323> exception=AttributeError("'AsyncRedisMock' object has no attribute 'cf'")>

    @functools.wraps(fixture)
    def _asyncgen_fixture_wrapper(request: FixtureRequest, **kwargs: Any):
        func = _perhaps_rebind_fixture_func(fixture, request.instance)
        event_loop_fixture_id = _get_event_loop_fixture_id_for_async_fixture(
            request, func
        )
        event_loop = request.getfixturevalue(event_loop_fixture_id)
        kwargs.pop(event_loop_fixture_id, None)
        gen_obj = func(**_add_kwargs(func, kwargs, event_loop, request))
    
        async def setup():
            res = await gen_obj.__anext__()  # type: ignore[union-attr]
            return res
    
        context = contextvars.copy_context()
        setup_task = _create_task_in_context(event_loop, setup(), context)
>       result = event_loop.run_until_complete(setup_task)
                 ^^^^^^^^^^^^^^^^^^^^^^^^^^^^^^^^^^^^^^^^^

.venv\Lib\site-packages\pytest_asyncio\plugin.py:329: 
_ _ _ _ _ _ _ _ _ _ _ _ _ _ _ _ _ _ _ _ _ _ _ _ _ _ _ _ _ _ _ _ _ _ _ _ _ _ _ _
..\..\..\..\AppData\Local\Programs\Python\Python312\Lib\asyncio\base_events.py:687: in run_until_complete
    return future.result()
           ^^^^^^^^^^^^^^^
.venv\Lib\site-packages\pytest_asyncio\plugin.py:324: in setup
    res = await gen_obj.__anext__()  # type: ignore[union-attr]
          ^^^^^^^^^^^^^^^^^^^^^^^^^
tests\conftest.py:120: in auth_app
    app.conn, app.pool_manager = await init_db(app)
                                 ^^^^^^^^^^^^^^^^^^
auth\src\connectors\__init__.py:704: in init_db
    auth_db = AuthDB(pool, app.redis)
              ^^^^^^^^^^^^^^^^^^^^^^^
_ _ _ _ _ _ _ _ _ _ _ _ _ _ _ _ _ _ _ _ _ _ _ _ _ _ _ _ _ _ _ _ _ _ _ _ _ _ _ _

self = <auth.src.connectors.AuthDB object at 0x0000017E2E9EC800>
pool = <purreal.pooler.SurrealDBConnectionPool object at 0x0000017E2DD217F0>
redis = <conftest.auth_app.<locals>.AsyncRedisMock object at 0x0000017E28D42AE0>

    def __init__(self, pool: SurrealDBConnectionPool, redis: Redis) -> None:
        """
        Initialize the AuthDB with a connection pool.
    
        Args:
            pool: The SurrealDB connection pool to use
            redis: The Redis instance
        """
        self.pool = pool
        self.db = None  # For compatibility with existing code
        self.envelope_service = AsyncEnvelopeCipherService()
        self.redis = redis
>       self.cuckoo_filter = self.redis.cf()
                             ^^^^^^^^^^^^^
E       AttributeError: 'AsyncRedisMock' object has no attribute 'cf'

auth\src\connectors\__init__.py:34: AttributeError
_____ ERROR at setup of TestAppleSSO.test_apple_sso_rejects_invalid_token _____

request = <SubRequest 'auth_app' for <Coroutine test_apple_sso_rejects_request_without_identity_token>>
kwargs = {}, func = <function auth_app at 0x0000017E279AAE80>
event_loop_fixture_id = '_session_event_loop'
setup = <function _wrap_asyncgen_fixture.<locals>._asyncgen_fixture_wrapper.<locals>.setup at 0x0000017E2941B560>
setup_task = <Task finished name='Task-1' coro=<_wrap_asyncgen_fixture.<locals>._asyncgen_fixture_wrapper.<locals>.setup() done, de...\site-packages\pytest_asyncio\plugin.py:323> exception=AttributeError("'AsyncRedisMock' object has no attribute 'cf'")>

    @functools.wraps(fixture)
    def _asyncgen_fixture_wrapper(request: FixtureRequest, **kwargs: Any):
        func = _perhaps_rebind_fixture_func(fixture, request.instance)
        event_loop_fixture_id = _get_event_loop_fixture_id_for_async_fixture(
            request, func
        )
        event_loop = request.getfixturevalue(event_loop_fixture_id)
        kwargs.pop(event_loop_fixture_id, None)
        gen_obj = func(**_add_kwargs(func, kwargs, event_loop, request))
    
        async def setup():
            res = await gen_obj.__anext__()  # type: ignore[union-attr]
            return res
    
        context = contextvars.copy_context()
        setup_task = _create_task_in_context(event_loop, setup(), context)
>       result = event_loop.run_until_complete(setup_task)
                 ^^^^^^^^^^^^^^^^^^^^^^^^^^^^^^^^^^^^^^^^^

.venv\Lib\site-packages\pytest_asyncio\plugin.py:329: 
_ _ _ _ _ _ _ _ _ _ _ _ _ _ _ _ _ _ _ _ _ _ _ _ _ _ _ _ _ _ _ _ _ _ _ _ _ _ _ _
..\..\..\..\AppData\Local\Programs\Python\Python312\Lib\asyncio\base_events.py:687: in run_until_complete
    return future.result()
           ^^^^^^^^^^^^^^^
.venv\Lib\site-packages\pytest_asyncio\plugin.py:324: in setup
    res = await gen_obj.__anext__()  # type: ignore[union-attr]
          ^^^^^^^^^^^^^^^^^^^^^^^^^
tests\conftest.py:120: in auth_app
    app.conn, app.pool_manager = await init_db(app)
                                 ^^^^^^^^^^^^^^^^^^
auth\src\connectors\__init__.py:704: in init_db
    auth_db = AuthDB(pool, app.redis)
              ^^^^^^^^^^^^^^^^^^^^^^^
_ _ _ _ _ _ _ _ _ _ _ _ _ _ _ _ _ _ _ _ _ _ _ _ _ _ _ _ _ _ _ _ _ _ _ _ _ _ _ _

self = <auth.src.connectors.AuthDB object at 0x0000017E2E9EC800>
pool = <purreal.pooler.SurrealDBConnectionPool object at 0x0000017E2DD217F0>
redis = <conftest.auth_app.<locals>.AsyncRedisMock object at 0x0000017E28D42AE0>

    def __init__(self, pool: SurrealDBConnectionPool, redis: Redis) -> None:
        """
        Initialize the AuthDB with a connection pool.
    
        Args:
            pool: The SurrealDB connection pool to use
            redis: The Redis instance
        """
        self.pool = pool
        self.db = None  # For compatibility with existing code
        self.envelope_service = AsyncEnvelopeCipherService()
        self.redis = redis
>       self.cuckoo_filter = self.redis.cf()
                             ^^^^^^^^^^^^^
E       AttributeError: 'AsyncRedisMock' object has no attribute 'cf'

auth\src\connectors\__init__.py:34: AttributeError
_ ERROR at setup of TestAppleSSO.test_apple_sso_handles_private_relay_email_successfully _

request = <SubRequest 'auth_app' for <Coroutine test_apple_sso_rejects_request_without_identity_token>>
kwargs = {}, func = <function auth_app at 0x0000017E279AAE80>
event_loop_fixture_id = '_session_event_loop'
setup = <function _wrap_asyncgen_fixture.<locals>._asyncgen_fixture_wrapper.<locals>.setup at 0x0000017E2941B560>
setup_task = <Task finished name='Task-1' coro=<_wrap_asyncgen_fixture.<locals>._asyncgen_fixture_wrapper.<locals>.setup() done, de...\site-packages\pytest_asyncio\plugin.py:323> exception=AttributeError("'AsyncRedisMock' object has no attribute 'cf'")>

    @functools.wraps(fixture)
    def _asyncgen_fixture_wrapper(request: FixtureRequest, **kwargs: Any):
        func = _perhaps_rebind_fixture_func(fixture, request.instance)
        event_loop_fixture_id = _get_event_loop_fixture_id_for_async_fixture(
            request, func
        )
        event_loop = request.getfixturevalue(event_loop_fixture_id)
        kwargs.pop(event_loop_fixture_id, None)
        gen_obj = func(**_add_kwargs(func, kwargs, event_loop, request))
    
        async def setup():
            res = await gen_obj.__anext__()  # type: ignore[union-attr]
            return res
    
        context = contextvars.copy_context()
        setup_task = _create_task_in_context(event_loop, setup(), context)
>       result = event_loop.run_until_complete(setup_task)
                 ^^^^^^^^^^^^^^^^^^^^^^^^^^^^^^^^^^^^^^^^^

.venv\Lib\site-packages\pytest_asyncio\plugin.py:329: 
_ _ _ _ _ _ _ _ _ _ _ _ _ _ _ _ _ _ _ _ _ _ _ _ _ _ _ _ _ _ _ _ _ _ _ _ _ _ _ _
..\..\..\..\AppData\Local\Programs\Python\Python312\Lib\asyncio\base_events.py:687: in run_until_complete
    return future.result()
           ^^^^^^^^^^^^^^^
.venv\Lib\site-packages\pytest_asyncio\plugin.py:324: in setup
    res = await gen_obj.__anext__()  # type: ignore[union-attr]
          ^^^^^^^^^^^^^^^^^^^^^^^^^
tests\conftest.py:120: in auth_app
    app.conn, app.pool_manager = await init_db(app)
                                 ^^^^^^^^^^^^^^^^^^
auth\src\connectors\__init__.py:704: in init_db
    auth_db = AuthDB(pool, app.redis)
              ^^^^^^^^^^^^^^^^^^^^^^^
_ _ _ _ _ _ _ _ _ _ _ _ _ _ _ _ _ _ _ _ _ _ _ _ _ _ _ _ _ _ _ _ _ _ _ _ _ _ _ _

self = <auth.src.connectors.AuthDB object at 0x0000017E2E9EC800>
pool = <purreal.pooler.SurrealDBConnectionPool object at 0x0000017E2DD217F0>
redis = <conftest.auth_app.<locals>.AsyncRedisMock object at 0x0000017E28D42AE0>

    def __init__(self, pool: SurrealDBConnectionPool, redis: Redis) -> None:
        """
        Initialize the AuthDB with a connection pool.
    
        Args:
            pool: The SurrealDB connection pool to use
            redis: The Redis instance
        """
        self.pool = pool
        self.db = None  # For compatibility with existing code
        self.envelope_service = AsyncEnvelopeCipherService()
        self.redis = redis
>       self.cuckoo_filter = self.redis.cf()
                             ^^^^^^^^^^^^^
E       AttributeError: 'AsyncRedisMock' object has no attribute 'cf'

auth\src\connectors\__init__.py:34: AttributeError
_ ERROR at setup of TestAppleSSO.test_apple_sso_user_password_login_returns_proper_error_message _

request = <SubRequest 'auth_app' for <Coroutine test_apple_sso_rejects_request_without_identity_token>>
kwargs = {}, func = <function auth_app at 0x0000017E279AAE80>
event_loop_fixture_id = '_session_event_loop'
setup = <function _wrap_asyncgen_fixture.<locals>._asyncgen_fixture_wrapper.<locals>.setup at 0x0000017E2941B560>
setup_task = <Task finished name='Task-1' coro=<_wrap_asyncgen_fixture.<locals>._asyncgen_fixture_wrapper.<locals>.setup() done, de...\site-packages\pytest_asyncio\plugin.py:323> exception=AttributeError("'AsyncRedisMock' object has no attribute 'cf'")>

    @functools.wraps(fixture)
    def _asyncgen_fixture_wrapper(request: FixtureRequest, **kwargs: Any):
        func = _perhaps_rebind_fixture_func(fixture, request.instance)
        event_loop_fixture_id = _get_event_loop_fixture_id_for_async_fixture(
            request, func
        )
        event_loop = request.getfixturevalue(event_loop_fixture_id)
        kwargs.pop(event_loop_fixture_id, None)
        gen_obj = func(**_add_kwargs(func, kwargs, event_loop, request))
    
        async def setup():
            res = await gen_obj.__anext__()  # type: ignore[union-attr]
            return res
    
        context = contextvars.copy_context()
        setup_task = _create_task_in_context(event_loop, setup(), context)
>       result = event_loop.run_until_complete(setup_task)
                 ^^^^^^^^^^^^^^^^^^^^^^^^^^^^^^^^^^^^^^^^^

.venv\Lib\site-packages\pytest_asyncio\plugin.py:329: 
_ _ _ _ _ _ _ _ _ _ _ _ _ _ _ _ _ _ _ _ _ _ _ _ _ _ _ _ _ _ _ _ _ _ _ _ _ _ _ _
..\..\..\..\AppData\Local\Programs\Python\Python312\Lib\asyncio\base_events.py:687: in run_until_complete
    return future.result()
           ^^^^^^^^^^^^^^^
.venv\Lib\site-packages\pytest_asyncio\plugin.py:324: in setup
    res = await gen_obj.__anext__()  # type: ignore[union-attr]
          ^^^^^^^^^^^^^^^^^^^^^^^^^
tests\conftest.py:120: in auth_app
    app.conn, app.pool_manager = await init_db(app)
                                 ^^^^^^^^^^^^^^^^^^
auth\src\connectors\__init__.py:704: in init_db
    auth_db = AuthDB(pool, app.redis)
              ^^^^^^^^^^^^^^^^^^^^^^^
_ _ _ _ _ _ _ _ _ _ _ _ _ _ _ _ _ _ _ _ _ _ _ _ _ _ _ _ _ _ _ _ _ _ _ _ _ _ _ _

self = <auth.src.connectors.AuthDB object at 0x0000017E2E9EC800>
pool = <purreal.pooler.SurrealDBConnectionPool object at 0x0000017E2DD217F0>
redis = <conftest.auth_app.<locals>.AsyncRedisMock object at 0x0000017E28D42AE0>

    def __init__(self, pool: SurrealDBConnectionPool, redis: Redis) -> None:
        """
        Initialize the AuthDB with a connection pool.
    
        Args:
            pool: The SurrealDB connection pool to use
            redis: The Redis instance
        """
        self.pool = pool
        self.db = None  # For compatibility with existing code
        self.envelope_service = AsyncEnvelopeCipherService()
        self.redis = redis
>       self.cuckoo_filter = self.redis.cf()
                             ^^^^^^^^^^^^^
E       AttributeError: 'AsyncRedisMock' object has no attribute 'cf'

auth\src\connectors\__init__.py:34: AttributeError
=========================== short test summary info ===========================
ERROR tests\auth\test_apple_sso.py::TestAppleSSO::test_apple_sso_rejects_request_without_identity_token
ERROR tests\auth\test_apple_sso.py::TestAppleSSO::test_apple_sso_creates_new_user_successfully
ERROR tests\auth\test_apple_sso.py::TestAppleSSO::test_apple_sso_logs_in_existing_user_successfully
ERROR tests\auth\test_apple_sso.py::TestAppleSSO::test_apple_sso_rejects_unverified_email
ERROR tests\auth\test_apple_sso.py::TestAppleSSO::test_apple_sso_rejects_invalid_token
ERROR tests\auth\test_apple_sso.py::TestAppleSSO::test_apple_sso_handles_private_relay_email_successfully
ERROR tests\auth\test_apple_sso.py::TestAppleSSO::test_apple_sso_user_password_login_returns_proper_error_message
============================= 7 errors in 17.88s ==============================
c:\Users\User\Documents\Projects\py\partyscene\.venv\Scripts\python 
: --- Logging error ---
At line:1 char:1
+ 
c:\Users\User\Documents\Projects\py\partyscene\.venv\Scripts\python 
- ...
+ ~~~~~~~~~~~~~~~~~~~~~~~~~~~~~~~~~~~~~~~~~~~~~~~~~~~~~~~~~~~~~~~~~~
~~~
    + CategoryInfo          : NotSpecified: (--- Logging error ---: 
   String) [], RemoteException
    + FullyQualifiedErrorId : NativeCommandError
 
Traceback (most recent call last):
  File "C:\Users\User\AppData\Local\Programs\Python\Python312\Lib\lo
gging\__init__.py", line 1163, in emit
    stream.write(msg + self.terminator)
ValueError: I/O operation on closed file.
Call stack:
  File "C:\Users\User\AppData\Local\Programs\Python\Python312\Lib\as
yncio\base_events.py", line 1847, in call_exception_handler
    self.default_exception_handler(context)
  File "C:\Users\User\AppData\Local\Programs\Python\Python312\Lib\as
yncio\base_events.py", line 1821, in default_exception_handler
    logger.error('\n'.join(log_lines), exc_info=exc_info)
Message: "Task was destroyed but it is pending!\ntask: <Task 
pending name='Task-5' 
coro=<SurrealDBConnectionPool._maintenance_loop() running at c:\\Use
rs\\User\\Documents\\Projects\\py\\partyscene\\.venv\\Lib\\site-pack
ages\\purreal\\pooler.py:680> wait_for=<Future pending 
cb=[Task.task_wakeup()]>>"
Arguments: ()
